
> test
> vitest run --config vitest.config.memory-safe.ts


 RUN  v2.1.8 /home/issak/dev/avlo

 ✓ client/src/lib/__tests__/room-doc-manager.test.ts (40 tests) 596ms
   ✓ RoomDocManager > Mutation Guards > detects when delta size would exceed 2MB 474ms
stderr | client/src/lib/__tests__/room-doc-manager.test.ts > RoomDocManager > Mutation Guards > rejects mutations when room is read-only (≥15MB)
[RoomDocManager] Room is read-only (size limit exceeded)

stderr | client/src/lib/__tests__/room-doc-manager.test.ts > RoomDocManager > Mutation Guards > rejects mutations on mobile devices
[RoomDocManager] Mobile devices are view-only

stderr | client/src/lib/__tests__/room-doc-manager.test.ts > RoomDocManager > RoomStats Updates > triggers read-only at 15MB threshold
[RoomDocManager] Room is now read-only due to size limit
[RoomDocManager] Room is read-only (size limit exceeded)

 ✓ client/src/renderer/__tests__/layers/strokes.test.ts (24 tests) 20ms
 ✓ client/src/lib/tools/__tests__/DrawingTool.test.ts (14 tests) 32ms
stderr | client/src/lib/tools/__tests__/DrawingTool.test.ts > DrawingTool integration tests > mobile view-only enforcement > should block mutations on mobile devices
[RoomDocManager] Mobile devices are view-only

stderr | client/src/lib/tools/__tests__/DrawingTool.test.ts > DrawingTool integration tests > error handling > should handle missing scene_ticks gracefully
CRITICAL: scene_ticks not initialized - Phase 2 implementation is broken

 ✓ client/src/renderer/__tests__/RenderLoop.test.ts (17 tests) 29ms
 ✓ client/src/renderer/__tests__/stroke-builder/stroke-cache.test.ts (16 tests) 7ms
stderr | client/src/lib/tools/__tests__/simplification.test.ts > simplification - pure unit tests > simplifyStroke > should handle dense scribble with budget enforcement
Stroke still too large after downsample: 306964 bytes (max: 131072)

stderr | client/src/lib/tools/__tests__/simplification.test.ts > simplification - pure unit tests > simplifyStroke > should reject stroke exceeding 128KB after simplification
Stroke still too large after downsample: 321524 bytes (max: 131072)

 ✓ client/src/lib/tools/__tests__/simplification.test.ts (16 tests) 1552ms
   ✓ simplification - pure unit tests > simplifyStroke > should reject stroke exceeding 128KB after simplification 1528ms
 ✓ client/src/renderer/__tests__/stroke-builder/path-builder.test.ts (13 tests) 4ms
 ✓ client/src/renderer/__tests__/DirtyRectTracker.test.ts (14 tests) 5ms
 ✓ client/src/canvas/__tests__/Canvas.test.tsx (5 tests) 64ms
 ✓ client/src/lib/__tests__/timing-abstractions.test.ts (15 tests) 6ms
 ✓ client/src/hooks/__tests__/use-room-doc.test.tsx (4 tests) 25ms
 ✓ packages/shared/src/types/__tests__/snapshot.test.ts (8 tests) 3ms
 ✓ server/src/__tests__/phase6-redis.test.ts (4 tests) 28ms
 ✓ server/src/__tests__/phase6-ws-persistence.test.ts (3 tests) 19ms
 ✓ client/src/canvas/__tests__/transforms.test.ts (6 tests) 2ms
 ✓ client/src/lib/__tests__/phase6-teardown.test.ts (3 tests) 8ms
 ✓ packages/shared/src/__tests__/config.test.ts (12 tests) 2ms
 ✓ client/src/canvas/__tests__/CanvasStage.test.tsx (4 tests) 11ms
 ✓ client/src/lib/__tests__/phase6-gates.test.ts (3 tests) 15ms
 ✓ client/src/lib/__tests__/size-estimator.test.ts (1 test) 0ms
 ✓ client/src/lib/__tests__/ring-buffer.test.ts (1 test) 0ms
 ✓ server/src/__tests__/setup.test.ts (4 tests) 2ms
 ✓ client/src/lib/__tests__/render-cache.test.ts (1 test) 0ms

 Test Files  23 passed (23)
      Tests  228 passed (228)
   Start at  22:10:58
   Duration  4.75s (transform 589ms, setup 75ms, collect 1.24s, tests 2.43s, environment 525ms, prepare 90ms)

